(node:6000) [MODULE_TYPELESS_PACKAGE_JSON] Warning: Module type of file:///C:/Users/USUARIO/portal-lusitano/next.config.js is not specified and it doesn't parse as CommonJS.
Reparsing as ES module because module syntax was detected. This incurs a performance overhead.
To eliminate this warning, add "type": "module" to C:\Users\USUARIO\portal-lusitano\package.json.
(Use `node --trace-warnings ...` to show where the warning was created)
▲ Next.js 16.1.6 (Turbopack)
- Environments: .env.local

⚠ The "middleware" file convention is deprecated. Please use "proxy" instead. Learn more: https://nextjs.org/docs/messages/middleware-to-proxy
  Creating an optimized production build ...
(node:6000) [MODULE_TYPELESS_PACKAGE_JSON] Warning: Module type of file:///C:/Users/USUARIO/portal-lusitano/next.config.js is not specified and it doesn't parse as CommonJS.
Reparsing as ES module because module syntax was detected. This incurs a performance overhead.
To eliminate this warning, add "type": "module" to C:\Users\USUARIO\portal-lusitano\package.json.
(Use `node --trace-warnings ...` to show where the warning was created)
✓ Compiled successfully in 32.8s
  Running TypeScript ...
  Collecting page data using 11 workers ...
⚠ Using edge runtime on a page currently disables static generation for that page
  Generating static pages using 11 workers (0/134) ...
  Generating static pages using 11 workers (33/134) 
  Generating static pages using 11 workers (66/134) 
  Generating static pages using 11 workers (100/134) 
✓ Generating static pages using 11 workers (134/134) in 4.0s
  Finalizing page optimization ...

Route (app)
┌ ○ /
├ ○ /_not-found
├ ○ /admin
├ ○ /admin-app
├ ○ /admin/analytics
├ ○ /admin/calendario
├ ○ /admin/cavalos
├ ○ /admin/coudelarias
├ ○ /admin/crm
├ ƒ /admin/depoimentos
├ ○ /admin/eventos
├ ○ /admin/financeiro
├ ○ /admin/instagram
├ ○ /admin/login
├ ○ /admin/mensagens
├ ○ /admin/reviews
├ ƒ /admin/stats
├ ƒ /admin/stats/vendas
├ ○ /analise-perfil
├ ƒ /api/admin/ai
├ ƒ /api/admin/analytics/conversions
├ ƒ /api/admin/analytics/sources
├ ƒ /api/admin/analytics/traffic
├ ƒ /api/admin/automations
├ ƒ /api/admin/automations/execute
├ ƒ /api/admin/automations/logs
├ ƒ /api/admin/campaigns
├ ƒ /api/admin/cavalos
├ ƒ /api/admin/cavalos/[id]
├ ƒ /api/admin/coudelarias
├ ƒ /api/admin/coudelarias/[id]
├ ƒ /api/admin/crm
├ ƒ /api/admin/crm/[id]
├ ƒ /api/admin/definicoes
├ ƒ /api/admin/definicoes/[key]
├ ƒ /api/admin/depoimentos
├ ƒ /api/admin/depoimentos/[id]
├ ƒ /api/admin/diagnostico
├ ƒ /api/admin/eventos
├ ƒ /api/admin/eventos/[id]
├ ƒ /api/admin/eventos/seed
├ ƒ /api/admin/eventos/update-confirmacao
├ ƒ /api/admin/financeiro/charts
├ ƒ /api/admin/financeiro/export
├ ƒ /api/admin/financeiro/mrr
├ ƒ /api/admin/financeiro/overview
├ ƒ /api/admin/financeiro/transactions
├ ƒ /api/admin/forecasting
├ ƒ /api/admin/geo
├ ƒ /api/admin/instagram/list
├ ƒ /api/admin/instagram/update-status
├ ƒ /api/admin/logs
├ ƒ /api/admin/messages
├ ƒ /api/admin/messages/[id]
├ ƒ /api/admin/messages/[id]/reply
├ ƒ /api/admin/messages/bulk
├ ƒ /api/admin/messages/stats
├ ƒ /api/admin/notifications
├ ƒ /api/admin/profissionais
├ ƒ /api/admin/profissionais/[id]
├ ƒ /api/admin/reports/generate
├ ƒ /api/admin/reviews
├ ƒ /api/admin/reviews/[id]
├ ƒ /api/admin/search
├ ƒ /api/admin/stats
├ ƒ /api/admin/tasks
├ ƒ /api/admin/tasks/[id]
├ ƒ /api/admin/users
├ ƒ /api/admin/users/[id]
├ ƒ /api/auth/check
├ ƒ /api/auth/login
├ ƒ /api/auth/logout
├ ƒ /api/cart/recover
├ ƒ /api/cart/send-recovery-email
├ ƒ /api/cart/track-abandonment
├ ƒ /api/cavalos
├ ƒ /api/checkout
├ ƒ /api/coudelarias
├ ƒ /api/coudelarias/[slug]
├ ƒ /api/ebook-gratis/subscribe
├ ƒ /api/eventos
├ ƒ /api/eventos/[slug]
├ ƒ /api/favoritos
├ ƒ /api/health
├ ƒ /api/instagram-inquiry
├ ƒ /api/instagram/checkout
├ ƒ /api/instagram/upload
├ ƒ /api/linhagens
├ ƒ /api/newsletter
├ ƒ /api/publicidade/checkout
├ ƒ /api/reviews
├ ƒ /api/stripe/webhook
├ ƒ /api/tools/create-checkout
├ ƒ /api/tools/customer-portal
├ ƒ /api/unsubscribe
├ ƒ /api/upload
├ ƒ /api/vender
├ ƒ /api/vender-cavalo/checkout
├ ○ /calculadora-valor
├ ƒ /cavalo/[slug]
├ ○ /cavalos-famosos
├ ○ /cavalos-favoritos
├ ○ /comparador-cavalos
├ ƒ /comprar
├ ƒ /comprar/[id]
├ ○ /coudelarias
├ ○ /directorio
├ ƒ /directorio/[slug]
├ ○ /directorio/registar
├ ○ /ebook-gratis
├ ○ /ebook-gratis/download
├ ○ /eventos
├ ƒ /eventos/[slug]
├ ○ /faq
├ ○ /favoritos
├ ○ /ferramentas
├ ○ /historico
├ ○ /instagram
├ ○ /instagram/sucesso
├ ƒ /instagram/upload/[id]
├ ○ /jornal
├ ● /jornal/[slug]
│ ├ /jornal/genese-cavalo-iberico
│ ├ /jornal/biomecanica-reuniao
│ ├ /jornal/standard-apsl
│ └ [+3 more paths]
├ ○ /linhagens
├ ○ /login
├ ƒ /loja
├ ƒ /loja/[handle]
├ ○ /mapa
├ ○ /marketplace
├ ƒ /minha-conta
├ ○ /offline
├ ƒ /opengraph-image
├ ○ /perfil
├ ○ /piroplasmose
├ ○ /privacidade
├ ○ /profissionais
├ ○ /publicidade
├ ○ /publicidade/sucesso
├ ○ /recuperar-senha
├ ○ /registar
├ ƒ /resultado/[id]
├ ○ /robots.txt
├ ○ /sitemap.xml
├ ○ /sobre
├ ○ /studio/[[...tool]]
├ ○ /sucesso
├ ○ /termos
├ ○ /unsubscribe
├ ○ /vender
├ ○ /vender-cavalo
├ ○ /vender-cavalo/sucesso
└ ○ /verificador-compatibilidade


ƒ Proxy (Middleware)

○  (Static)   prerendered as static content
●  (SSG)      prerendered as static HTML (uses generateStaticParams)
ƒ  (Dynamic)  server-rendered on demand

